
> sehat-lens@0.1.0 dev
> next dev

   ▲ Next.js 15.5.25
   - Local:        http://localhost:57200
   - Network:      http://172.27.0.1:57200

 ✓ Starting...
 ✓ Ready in 3.3s
 ○ Compiling / ...
 ✓ Compiled / in 5.3s (630 modules)
 GET / 200 in 7558ms
 ✓ Compiled in 2.1s (253 modules)
 ✓ Compiled in 303ms (253 modules)
 ✓ Compiled in 415ms (253 modules)
 ✓ Compiled in 344ms (253 modules)
 ✓ Compiled in 369ms (253 modules)
 ✓ Compiled in 374ms (253 modules)
 ✓ Compiled in 359ms (253 modules)
 ✓ Compiled in 276ms (253 modules)
 ✓ Compiled in 378ms (253 modules)
 ✓ Compiled in 269ms (253 modules)
 ✓ Compiled in 308ms (253 modules)
 ✓ Compiled in 326ms (253 modules)
 ✓ Compiled in 295ms (253 modules)
 ✓ Compiled in 180ms (253 modules)
 ✓ Compiled in 300ms (253 modules)
 ✓ Compiled in 311ms (253 modules)
 ✓ Compiled in 253ms (253 modules)
 ✓ Compiled in 282ms (253 modules)
 ✓ Compiled in 330ms (253 modules)
 ✓ Compiled in 290ms (253 modules)
 ✓ Compiled in 303ms (253 modules)
 ✓ Compiled in 338ms (253 modules)
 ✓ Compiled in 264ms (253 modules)
 ✓ Compiled in 290ms (253 modules)
 ✓ Compiled in 332ms (253 modules)
 ✓ Compiled in 276ms (253 modules)
 ✓ Compiled in 346ms (253 modules)
 ✓ Compiled in 267ms (253 modules)
 ✓ Compiled in 368ms (253 modules)
 ✓ Compiled in 337ms (253 modules)
 ✓ Compiled in 323ms (253 modules)
 ✓ Compiled in 316ms (253 modules)
 ✓ Compiled in 271ms (253 modules)
 ✓ Compiled in 248ms (253 modules)
 ✓ Compiled in 348ms (253 modules)
 ✓ Compiled in 282ms (253 modules)
 ✓ Compiled in 311ms (253 modules)
 ✓ Compiled in 319ms (253 modules)
 ✓ Compiled in 309ms (253 modules)
 ✓ Compiled in 268ms (253 modules)
 ✓ Compiled in 321ms (253 modules)
 ✓ Compiled in 276ms (253 modules)
 ✓ Compiled in 300ms (253 modules)
 ✓ Compiled in 257ms (253 modules)
 ✓ Compiled in 282ms (253 modules)
 ✓ Compiled in 271ms (253 modules)
 ✓ Compiled in 285ms (253 modules)
 ✓ Compiled in 318ms (253 modules)
 ✓ Compiled in 282ms (253 modules)
 ✓ Compiled in 271ms (253 modules)
 ✓ Compiled in 342ms (253 modules)
 ✓ Compiled in 238ms (253 modules)
 ✓ Compiled in 291ms (253 modules)
 ✓ Compiled in 269ms (253 modules)
 ✓ Compiled in 322ms (253 modules)
 ✓ Compiled in 260ms (253 modules)
 ✓ Compiled in 286ms (253 modules)
 ✓ Compiled in 319ms (253 modules)
 ✓ Compiled in 290ms (253 modules)
 ✓ Compiled in 253ms (253 modules)
 ✓ Compiled in 314ms (253 modules)
 ✓ Compiled in 265ms (253 modules)
 ✓ Compiled in 283ms (253 modules)
 ✓ Compiled in 280ms (253 modules)
 ✓ Compiled in 325ms (253 modules)
 ✓ Compiled in 236ms (253 modules)
 ✓ Compiled in 303ms (253 modules)
 ✓ Compiled in 306ms (253 modules)
 ✓ Compiled in 278ms (253 modules)
 ✓ Compiled in 257ms (253 modules)
 ✓ Compiled in 303ms (253 modules)
 ✓ Compiled in 295ms (253 modules)
 ✓ Compiled in 284ms (253 modules)
 ✓ Compiled in 262ms (253 modules)
 ✓ Compiled in 328ms (253 modules)
 ✓ Compiled in 265ms (253 modules)
 ✓ Compiled in 284ms (253 modules)
 ✓ Compiled in 284ms (253 modules)
 ✓ Compiled in 272ms (253 modules)
 ✓ Compiled in 260ms (253 modules)
 ✓ Compiled in 756ms (253 modules)
 ✓ Compiled in 306ms (253 modules)
 ✓ Compiled in 288ms (253 modules)
 ✓ Compiled in 357ms (253 modules)
 ✓ Compiled in 318ms (253 modules)
 ✓ Compiled in 264ms (253 modules)
 ✓ Compiled in 329ms (253 modules)
 ✓ Compiled in 257ms (253 modules)
 ✓ Compiled in 265ms (253 modules)
 ✓ Compiled in 300ms (253 modules)
 ✓ Compiled in 290ms (253 modules)
 ✓ Compiled in 217ms (253 modules)
 ✓ Compiled in 280ms (253 modules)
 ✓ Compiled in 301ms (253 modules)
 ✓ Compiled in 296ms (253 modules)
 ✓ Compiled in 269ms (253 modules)
 ✓ Compiled in 346ms (253 modules)
 ✓ Compiled in 270ms (253 modules)
 ✓ Compiled in 265ms (253 modules)
 ✓ Compiled in 261ms (253 modules)
 ✓ Compiled in 346ms (253 modules)
 ✓ Compiled in 275ms (253 modules)
 ✓ Compiled in 282ms (253 modules)
 ✓ Compiled in 318ms (253 modules)
 ✓ Compiled in 275ms (253 modules)
 ✓ Compiled in 242ms (253 modules)
 ✓ Compiled in 332ms (253 modules)
 ✓ Compiled in 260ms (253 modules)
 ✓ Compiled in 297ms (253 modules)
 ✓ Compiled in 285ms (253 modules)
 ✓ Compiled in 321ms (253 modules)
 ✓ Compiled in 298ms (253 modules)
 ✓ Compiled in 293ms (253 modules)
 ✓ Compiled in 291ms (253 modules)
 ✓ Compiled in 287ms (253 modules)
 ✓ Compiled in 276ms (253 modules)
 ✓ Compiled in 319ms (253 modules)
 ✓ Compiled in 266ms (253 modules)
 ✓ Compiled in 314ms (253 modules)
 ✓ Compiled in 276ms (253 modules)
 ✓ Compiled in 328ms (253 modules)
 ✓ Compiled in 261ms (253 modules)
 ✓ Compiled in 292ms (253 modules)
 ✓ Compiled in 289ms (253 modules)
 ✓ Compiled in 358ms (253 modules)
 ✓ Compiled in 277ms (253 modules)
 ✓ Compiled in 307ms (253 modules)
 ✓ Compiled in 255ms (253 modules)
 ✓ Compiled in 313ms (253 modules)
 ✓ Compiled in 345ms (253 modules)
 ✓ Compiled in 303ms (253 modules)
 ✓ Compiled in 244ms (253 modules)
 ✓ Compiled in 292ms (253 modules)
 ✓ Compiled in 330ms (253 modules)
 ✓ Compiled in 282ms (253 modules)
 ✓ Compiled in 285ms (253 modules)
 ✓ Compiled in 325ms (253 modules)
 ✓ Compiled in 260ms (253 modules)
 ✓ Compiled in 276ms (253 modules)
 ✓ Compiled in 288ms (253 modules)
 ✓ Compiled in 328ms (253 modules)
 ✓ Compiled in 272ms (253 modules)
 ✓ Compiled in 282ms (253 modules)
 ✓ Compiled in 271ms (253 modules)
 ✓ Compiled in 299ms (253 modules)
 ✓ Compiled in 264ms (253 modules)
 ✓ Compiled in 330ms (253 modules)
 ✓ Compiled in 235ms (253 modules)
 ✓ Compiled in 294ms (253 modules)
 ✓ Compiled in 247ms (253 modules)
 ✓ Compiled in 307ms (253 modules)
 ✓ Compiled in 269ms (253 modules)
 ✓ Compiled in 262ms (253 modules)
 ✓ Compiled in 314ms (253 modules)
 ✓ Compiled in 287ms (253 modules)
 ✓ Compiled in 235ms (253 modules)
 ✓ Compiled in 293ms (253 modules)
 ✓ Compiled in 286ms (253 modules)
 ✓ Compiled in 282ms (253 modules)
 ✓ Compiled in 255ms (253 modules)
 ✓ Compiled in 350ms (253 modules)
 ✓ Compiled in 234ms (253 modules)
 ✓ Compiled in 269ms (253 modules)
 ✓ Compiled in 268ms (253 modules)
 ✓ Compiled in 312ms (253 modules)
 ✓ Compiled in 240ms (253 modules)
 ✓ Compiled in 288ms (253 modules)
 ✓ Compiled in 295ms (253 modules)
 ✓ Compiled in 290ms (253 modules)
 ✓ Compiled in 265ms (253 modules)
 ✓ Compiled in 333ms (253 modules)
 ✓ Compiled in 238ms (253 modules)
 ✓ Compiled in 260ms (253 modules)
 ✓ Compiled in 258ms (253 modules)
 ✓ Compiled in 344ms (253 modules)
 ✓ Compiled in 263ms (253 modules)
 ✓ Compiled in 276ms (253 modules)
 ✓ Compiled in 225ms (253 modules)
 ✓ Compiled in 295ms (253 modules)
 ✓ Compiled in 257ms (253 modules)
 ✓ Compiled in 205ms (253 modules)
 ✓ Compiled in 290ms (253 modules)
 ✓ Compiled in 283ms (253 modules)
 ✓ Compiled in 249ms (253 modules)
 ✓ Compiled in 308ms (253 modules)
 ✓ Compiled in 266ms (253 modules)
 ✓ Compiled in 249ms (253 modules)
 ✓ Compiled in 245ms (253 modules)
 ✓ Compiled in 301ms (253 modules)
 ✓ Compiled in 265ms (253 modules)
 ✓ Compiled in 259ms (253 modules)
 ✓ Compiled in 231ms (253 modules)
 ✓ Compiled in 299ms (253 modules)
 ✓ Compiled in 239ms (253 modules)
 ✓ Compiled in 277ms (253 modules)
 ✓ Compiled in 192ms (253 modules)
 ✓ Compiled in 314ms (253 modules)
 ✓ Compiled in 236ms (253 modules)
 ✓ Compiled in 288ms (253 modules)
 ✓ Compiled in 236ms (253 modules)
 ✓ Compiled in 278ms (253 modules)
 ✓ Compiled in 242ms (253 modules)
 ✓ Compiled in 275ms (253 modules)
 ✓ Compiled in 244ms (253 modules)
 ✓ Compiled in 279ms (253 modules)
 ✓ Compiled in 245ms (253 modules)
 ✓ Compiled in 282ms (253 modules)
 ✓ Compiled in 274ms (253 modules)
 ✓ Compiled in 267ms (253 modules)
 ✓ Compiled in 224ms (253 modules)
 ✓ Compiled in 272ms (253 modules)
 ✓ Compiled in 304ms (253 modules)
 ✓ Compiled in 283ms (253 modules)
 ✓ Compiled in 232ms (253 modules)
 ✓ Compiled in 291ms (253 modules)
 ✓ Compiled in 264ms (253 modules)
 ✓ Compiled in 281ms (253 modules)
 ✓ Compiled in 261ms (253 modules)
 ✓ Compiled in 386ms (253 modules)
 ✓ Compiled in 262ms (253 modules)
 ✓ Compiled in 277ms (253 modules)
 ✓ Compiled in 310ms (253 modules)
 ✓ Compiled in 256ms (253 modules)
 ✓ Compiled in 251ms (253 modules)
 ✓ Compiled in 291ms (253 modules)
 ✓ Compiled in 317ms (253 modules)
 ✓ Compiled in 285ms (253 modules)
 ✓ Compiled in 265ms (253 modules)
 ✓ Compiled in 322ms (253 modules)
 ✓ Compiled in 256ms (253 modules)
 ✓ Compiled in 308ms (253 modules)
 ✓ Compiled in 313ms (253 modules)
 ✓ Compiled in 219ms (253 modules)
 ✓ Compiled in 255ms (253 modules)
 ✓ Compiled in 295ms (253 modules)
 ✓ Compiled in 307ms (253 modules)
 ✓ Compiled in 322ms (253 modules)
 ✓ Compiled in 278ms (253 modules)
 ✓ Compiled in 368ms (253 modules)
 ✓ Compiled in 268ms (253 modules)
 ✓ Compiled in 290ms (253 modules)
 ✓ Compiled in 290ms (253 modules)
 ✓ Compiled in 313ms (253 modules)
 ✓ Compiled in 299ms (253 modules)
 ✓ Compiled in 676ms (253 modules)
 GET / 200 in 733ms
 ✓ Compiled in 361ms (253 modules)
 ✓ Compiled in 784ms (253 modules)
 GET / 200 in 961ms
 ✓ Compiled in 342ms (253 modules)
 ✓ Compiled in 340ms (253 modules)
 ✓ Compiled in 425ms (253 modules)
 ✓ Compiled in 322ms (253 modules)
 ✓ Compiled in 314ms (253 modules)
 ✓ Compiled in 309ms (253 modules)
 ✓ Compiled in 290ms (253 modules)
 ✓ Compiled in 506ms (253 modules)
 ✓ Compiled in 353ms (253 modules)
 ✓ Compiled in 371ms (253 modules)
 ✓ Compiled in 301ms (253 modules)
 ✓ Compiled in 299ms (253 modules)
 ✓ Compiled in 333ms (253 modules)
 ✓ Compiled in 363ms (253 modules)
 ✓ Compiled in 317ms (253 modules)
 ✓ Compiled in 569ms (253 modules)
 GET / 200 in 776ms
 ✓ Compiled in 399ms (253 modules)
 ✓ Compiled in 569ms (253 modules)
 GET / 200 in 780ms
 ✓ Compiled in 720ms (253 modules)
 ○ Compiling /_error ...
 ✓ Compiled /_error in 8.8s (977 modules)
 GET / 500 in 11060ms
 ✓ Compiled in 1250ms (406 modules)
 ✓ Compiled in 1025ms (406 modules)
 GET / 200 in 1219ms
 ✓ Compiled in 548ms (406 modules)
 GET / 200 in 650ms
 ✓ Compiled in 556ms (406 modules)
 GET / 200 in 609ms
 ✓ Compiled in 530ms (406 modules)
 GET / 200 in 788ms
 ✓ Compiled in 469ms (406 modules)
 GET / 200 in 735ms
 ✓ Compiled in 588ms (406 modules)
 GET / 200 in 677ms
 ✓ Compiled in 533ms (406 modules)
 ✓ Compiled in 479ms (406 modules)
 GET / 200 in 617ms
 ✓ Compiled in 518ms (406 modules)
 GET / 200 in 575ms
 ✓ Compiled in 542ms (406 modules)
 GET / 200 in 623ms
 ✓ Compiled in 406ms (406 modules)
 GET / 200 in 731ms
 ✓ Compiled in 518ms (406 modules)
 GET / 200 in 653ms
 ✓ Compiled in 543ms (406 modules)
 ✓ Compiled in 468ms (406 modules)
 GET / 200 in 557ms
 ✓ Compiled in 543ms (406 modules)
 GET / 200 in 632ms
 ✓ Compiled in 490ms (406 modules)
 GET / 200 in 564ms
 ✓ Compiled in 498ms (406 modules)
 GET / 200 in 667ms
 ✓ Compiled in 456ms (406 modules)
 GET / 200 in 652ms
 ✓ Compiled in 490ms (406 modules)
 GET / 200 in 674ms
 ✓ Compiled in 491ms (406 modules)
 ✓ Compiled in 512ms (406 modules)
 GET / 200 in 636ms
 ✓ Compiled in 493ms (406 modules)
 GET / 200 in 542ms
 ✓ Compiled in 524ms (406 modules)
 GET / 200 in 598ms
 ✓ Compiled in 413ms (406 modules)
 GET / 200 in 534ms
 ✓ Compiled in 522ms (406 modules)
 GET / 200 in 771ms
 ✓ Compiled in 501ms (406 modules)
 GET / 200 in 690ms
 ✓ Compiled in 539ms (406 modules)
 ✓ Compiled in 469ms (406 modules)
 GET / 200 in 547ms
 ✓ Compiled in 513ms (406 modules)
 GET / 200 in 566ms
 ✓ Compiled in 463ms (406 modules)
 GET / 200 in 498ms
 ✓ Compiled in 521ms (406 modules)
 GET / 200 in 607ms
 ✓ Compiled in 411ms (406 modules)
 GET / 200 in 771ms
 ✓ Compiled in 576ms (406 modules)
 GET / 200 in 598ms
 ✓ Compiled in 473ms (406 modules)
 ✓ Compiled in 482ms (406 modules)
 GET / 200 in 576ms
 ✓ Compiled in 494ms (406 modules)
 GET / 200 in 543ms
 ✓ Compiled in 474ms (406 modules)
 GET / 200 in 756ms
 ✓ Compiled in 469ms (406 modules)
 GET / 200 in 686ms
 ✓ Compiled in 524ms (406 modules)
 GET / 200 in 636ms
 ✓ Compiled in 496ms (406 modules)
 ✓ Compiled in 516ms (406 modules)
 GET / 200 in 614ms
 ✓ Compiled in 495ms (406 modules)
 GET / 200 in 533ms
 ✓ Compiled in 548ms (406 modules)
 GET / 500 in 873ms
 ✓ Compiled in 381ms (406 modules)
 ✓ Compiled in 560ms (406 modules)
 GET / 200 in 610ms
 ✓ Compiled in 500ms (406 modules)
 GET / 200 in 605ms
 ✓ Compiled in 444ms (406 modules)
 GET / 200 in 715ms
 ✓ Compiled in 486ms (406 modules)
 GET / 200 in 643ms
 ✓ Compiled in 505ms (406 modules)
 ✓ Compiled in 429ms (406 modules)
 GET / 200 in 499ms
 ✓ Compiled in 542ms (406 modules)
 GET / 200 in 602ms
 ✓ Compiled in 431ms (406 modules)
 GET / 200 in 572ms
 ✓ Compiled in 510ms (406 modules)
 GET / 200 in 618ms
 ✓ Compiled in 460ms (406 modules)
 ✓ Compiled in 518ms (406 modules)
 GET / 200 in 606ms
 ✓ Compiled in 466ms (406 modules)
 GET / 200 in 511ms
 ✓ Compiled in 501ms (406 modules)
 GET / 200 in 532ms
 ✓ Compiled in 485ms (406 modules)
 GET / 200 in 584ms
 ✓ Compiled in 469ms (406 modules)
 GET / 200 in 701ms
 ✓ Compiled in 453ms (406 modules)
 GET / 200 in 753ms
 ✓ Compiled in 538ms (406 modules)
 GET / 200 in 647ms
 ✓ Compiled in 503ms (406 modules)
 ✓ Compiled in 508ms (406 modules)
 GET / 200 in 603ms
 ✓ Compiled in 479ms (406 modules)
 GET / 200 in 548ms
 ✓ Compiled in 486ms (406 modules)
 GET / 200 in 911ms
 ✓ Compiled in 452ms (406 modules)
 ✓ Compiled in 537ms (406 modules)
 GET / 200 in 618ms
 ✓ Compiled in 492ms (406 modules)
 GET / 200 in 530ms
 ✓ Compiled in 441ms (406 modules)
 GET / 200 in 738ms
 ✓ Compiled in 511ms (406 modules)
 GET / 200 in 756ms
 ✓ Compiled in 456ms (406 modules)
 GET / 200 in 502ms
 ✓ Compiled in 444ms (406 modules)
 ✓ Compiled in 516ms (406 modules)
 GET / 200 in 595ms
 ✓ Compiled in 476ms (406 modules)
 GET / 200 in 503ms
 ✓ Compiled in 478ms (406 modules)
 GET / 200 in 515ms
 ✓ Compiled in 450ms (406 modules)
 GET / 200 in 494ms
 ✓ Compiled in 527ms (406 modules)
 GET / 200 in 608ms
 ✓ Compiled in 464ms (406 modules)
 GET / 200 in 469ms
 ✓ Compiled in 551ms (406 modules)
 GET / 200 in 599ms
 ✓ Compiled in 405ms (406 modules)
 GET / 200 in 677ms
 ✓ Compiled in 538ms (406 modules)
 GET / 200 in 816ms
 ✓ Compiled in 496ms (406 modules)
 GET / 200 in 1195ms
 ✓ Compiled in 1078ms (406 modules)
 ✓ Compiled in 582ms (406 modules)
 GET / 200 in 666ms
 ✓ Compiled in 484ms (406 modules)
 GET / 200 in 532ms
 GET / 200 in 523ms
 ✓ Compiled in 559ms (406 modules)
 ✓ Compiled in 533ms (406 modules)
 GET / 200 in 600ms
 ✓ Compiled in 542ms (406 modules)
 GET / 200 in 604ms
 ✓ Compiled in 423ms (406 modules)
 GET / 200 in 696ms
 ✓ Compiled in 553ms (406 modules)
 GET / 200 in 766ms
 ✓ Compiled in 579ms (406 modules)
 GET / 200 in 696ms
 ✓ Compiled in 542ms (406 modules)
 GET / 200 in 675ms
 ✓ Compiled in 544ms (406 modules)
 ✓ Compiled in 463ms (406 modules)
 GET / 200 in 570ms
 ✓ Compiled in 528ms (406 modules)
 GET / 200 in 642ms
 ✓ Compiled in 550ms (406 modules)
 GET / 200 in 603ms
 ✓ Compiled in 484ms (406 modules)
 GET / 200 in 534ms
 ✓ Compiled in 533ms (406 modules)
 GET / 200 in 667ms
 ✓ Compiled in 552ms (406 modules)
 GET / 200 in 631ms
 ✓ Compiled in 566ms (406 modules)
 GET / 200 in 683ms
 ✓ Compiled in 549ms (406 modules)
 ✓ Compiled in 566ms (406 modules)
 GET / 200 in 642ms
 ✓ Compiled in 463ms (406 modules)
 GET / 200 in 525ms
 ✓ Compiled in 909ms (406 modules)
 GET / 200 in 1522ms
 ✓ Compiled in 1255ms (406 modules)
 GET / 200 in 889ms
 ✓ Compiled in 512ms (406 modules)
 GET / 200 in 754ms
 ✓ Compiled in 582ms (406 modules)
 GET / 200 in 927ms
 ✓ Compiled in 612ms (406 modules)
 GET / 200 in 878ms
 ✓ Compiled in 672ms (406 modules)
 ✓ Compiled in 472ms (406 modules)
 GET / 200 in 548ms
 ✓ Compiled in 523ms (406 modules)
 GET / 200 in 581ms
 ✓ Compiled in 474ms (406 modules)
 GET / 200 in 562ms
 ✓ Compiled in 541ms (406 modules)
 GET / 500 in 819ms
 ✓ Compiled in 512ms (406 modules)
 GET / 200 in 640ms
 ✓ Compiled in 574ms (406 modules)
 ✓ Compiled in 519ms (406 modules)
 GET / 200 in 649ms
 ✓ Compiled in 514ms (406 modules)
 GET / 200 in 533ms
 ✓ Compiled in 509ms (406 modules)
 GET / 200 in 944ms
 ✓ Compiled in 483ms (406 modules)
 ✓ Compiled in 514ms (406 modules)
 GET / 200 in 603ms
 ✓ Compiled in 547ms (406 modules)
 GET / 200 in 591ms
 ✓ Compiled in 547ms (406 modules)
 ✓ Compiled in 721ms (406 modules)
 ✓ Compiled in 1148ms (406 modules)
 ✓ Compiled in 1118ms (406 modules)
 ✓ Compiled in 1024ms (406 modules)
 GET / 500 in 4985ms
 ✓ Compiled in 1014ms (406 modules)
 GET / 200 in 693ms
 ✓ Compiled in 424ms (406 modules)
 GET / 200 in 721ms
 ✓ Compiled in 577ms (406 modules)
 GET / 200 in 797ms
 ✓ Compiled in 497ms (406 modules)
 ✓ Compiled in 517ms (406 modules)
 GET / 200 in 698ms
 ✓ Compiled in 576ms (406 modules)
 GET / 200 in 691ms
 ✓ Compiled in 3.3s (977 modules)
 GET / 500 in 3787ms
 ✓ Compiled in 620ms (406 modules)
 GET / 200 in 1177ms
 ✓ Compiled in 1015ms (406 modules)
 ✓ Compiled in 509ms (406 modules)
 GET / 200 in 668ms
 ✓ Compiled in 813ms (406 modules)
 GET / 200 in 858ms
 ✓ Compiled in 524ms (406 modules)
 GET / 200 in 615ms
 ✓ Compiled in 429ms (406 modules)
 GET / 200 in 687ms
 ✓ Compiled in 529ms (406 modules)
 GET / 200 in 859ms
 ✓ Compiled in 550ms (406 modules)
 ✓ Compiled in 568ms (406 modules)
 GET / 200 in 645ms
 ✓ Compiled in 507ms (406 modules)
 GET / 200 in 614ms
 ✓ Compiled in 561ms (406 modules)
 GET / 200 in 607ms
 ✓ Compiled in 462ms (406 modules)
 GET / 200 in 581ms
 ✓ Compiled in 519ms (406 modules)
 GET / 200 in 813ms
 ✓ Compiled in 536ms (406 modules)
 GET / 200 in 750ms
 ✓ Compiled in 497ms (406 modules)
 ✓ Compiled in 492ms (406 modules)
 GET / 200 in 588ms
 ✓ Compiled in 519ms (406 modules)
 GET / 200 in 576ms
 ✓ Compiled in 440ms (406 modules)
 GET / 200 in 524ms
 ✓ Compiled in 423ms (406 modules)
 GET / 200 in 686ms
 ✓ Compiled in 490ms (406 modules)
 GET / 200 in 636ms
 ✓ Compiled in 487ms (406 modules)
 ✓ Compiled in 471ms (406 modules)
 GET / 200 in 575ms
 ✓ Compiled in 510ms (406 modules)
 GET / 200 in 564ms
 ✓ Compiled in 455ms (406 modules)
 GET / 200 in 544ms
 ✓ Compiled in 460ms (406 modules)
 GET / 200 in 680ms
 ✓ Compiled in 480ms (406 modules)
 GET / 200 in 631ms
 ✓ Compiled in 459ms (406 modules)
 ✓ Compiled in 586ms (406 modules)
 GET / 200 in 689ms
 ✓ Compiled in 582ms (406 modules)
 GET / 200 in 623ms
 ✓ Compiled in 417ms (406 modules)
 GET / 200 in 903ms
 ✓ Compiled in 528ms (406 modules)
 ✓ Compiled in 496ms (406 modules)
 GET / 200 in 580ms
 ✓ Compiled in 483ms (406 modules)
 GET / 200 in 536ms
 ✓ Compiled in 501ms (406 modules)
 GET / 200 in 589ms
 ✓ Compiled in 491ms (406 modules)
 GET / 200 in 759ms
 ✓ Compiled in 453ms (406 modules)
 GET / 200 in 638ms
 ✓ Compiled in 530ms (406 modules)
 ✓ Compiled in 473ms (406 modules)
 GET / 200 in 637ms
 ✓ Compiled in 533ms (406 modules)
 GET / 200 in 625ms
 ✓ Compiled in 488ms (406 modules)
 GET / 200 in 529ms
 ✓ Compiled in 534ms (406 modules)
 ✓ Compiled in 555ms (406 modules)
 GET / 500 in 1125ms
 ✓ Compiled in 500ms (406 modules)
 GET / 200 in 544ms
 ✓ Compiled in 936ms (406 modules)
 GET / 200 in 1092ms
 ✓ Compiled in 554ms (406 modules)
 GET / 200 in 732ms
 ✓ Compiled in 508ms (406 modules)
 GET / 200 in 772ms
 ✓ Compiled in 632ms (406 modules)
 ✓ Compiled in 468ms (406 modules)
 GET / 200 in 586ms
 ✓ Compiled in 549ms (406 modules)
 GET / 200 in 595ms
 ✓ Compiled in 436ms (406 modules)
 GET / 200 in 581ms
 ✓ Compiled in 507ms (406 modules)
 GET / 200 in 807ms
 ✓ Compiled in 502ms (406 modules)
 ✓ Compiled in 549ms (406 modules)
 GET / 200 in 634ms
 ✓ Compiled in 475ms (406 modules)
 GET / 200 in 529ms
 ✓ Compiled in 539ms (406 modules)
 GET / 200 in 567ms
 ✓ Compiled in 413ms (406 modules)
 GET / 200 in 679ms
 ✓ Compiled in 526ms (406 modules)
 GET / 200 in 789ms
 ✓ Compiled in 495ms (406 modules)
 GET / 200 in 703ms
 ✓ Compiled in 572ms (406 modules)
 ✓ Compiled in 507ms (406 modules)
 GET / 200 in 619ms
 ✓ Compiled in 739ms (406 modules)
 GET / 200 in 797ms
 ✓ Compiled in 553ms (406 modules)
 GET / 200 in 1023ms
 ✓ Compiled in 541ms (406 modules)
 ✓ Compiled in 677ms (406 modules)
 GET / 200 in 802ms
 ✓ Compiled in 761ms (406 modules)
 GET / 200 in 838ms
 ✓ Compiled in 630ms (406 modules)
 GET / 500 in 1040ms
 ✓ Compiled in 596ms (406 modules)
 GET / 200 in 610ms
 ✓ Compiled in 480ms (406 modules)
 ✓ Compiled in 488ms (406 modules)
 GET / 200 in 580ms
 ✓ Compiled in 467ms (406 modules)
 GET / 200 in 551ms
 ✓ Compiled in 540ms (406 modules)
 GET / 200 in 587ms
 ✓ Compiled in 367ms (406 modules)
 GET / 200 in 657ms
 ✓ Compiled in 542ms (406 modules)
 GET / 200 in 664ms
 ✓ Compiled in 505ms (406 modules)
 GET / 200 in 671ms
 ✓ Compiled in 515ms (406 modules)
 ✓ Compiled in 520ms (406 modules)
 GET / 200 in 656ms
 ✓ Compiled in 550ms (406 modules)
 GET / 200 in 594ms
 ✓ Compiled in 489ms (406 modules)
 GET / 200 in 599ms
 ✓ Compiled in 446ms (406 modules)
 GET / 200 in 693ms
 ✓ Compiled in 519ms (406 modules)
 GET / 200 in 656ms
 ✓ Compiled in 488ms (406 modules)
 ✓ Compiled in 437ms (406 modules)
 GET / 200 in 526ms
 ✓ Compiled in 491ms (406 modules)
 GET / 200 in 555ms
 ✓ Compiled in 431ms (406 modules)
 GET / 200 in 878ms
 ✓ Compiled in 492ms (406 modules)
 ✓ Compiled in 447ms (406 modules)
 GET / 200 in 557ms
 ✓ Compiled in 451ms (406 modules)
 GET / 200 in 883ms
 ✓ Compiled in 467ms (406 modules)
 ✓ Compiled in 541ms (406 modules)
 GET / 200 in 609ms
 ✓ Compiled in 419ms (406 modules)
 GET / 200 in 473ms
 ✓ Compiled in 534ms (406 modules)
 GET / 200 in 600ms
 ✓ Compiled in 435ms (406 modules)
 GET / 200 in 720ms
 ✓ Compiled in 481ms (406 modules)
 GET / 200 in 568ms
 ✓ Compiled in 468ms (406 modules)
 ✓ Compiled in 534ms (406 modules)
 GET / 200 in 629ms
 ✓ Compiled in 446ms (406 modules)
 GET / 200 in 479ms
 ✓ Compiled in 551ms (406 modules)
 GET / 200 in 586ms
 ✓ Compiled in 416ms (406 modules)
 GET / 200 in 765ms
 ✓ Compiled in 508ms (406 modules)
 GET / 200 in 771ms
 ✓ Compiled in 499ms (406 modules)
 GET / 200 in 685ms
 ✓ Compiled in 556ms (406 modules)
 ✓ Compiled in 451ms (406 modules)
 GET / 200 in 553ms
 ✓ Compiled in 505ms (406 modules)
 GET / 200 in 540ms
 ✓ Compiled in 451ms (406 modules)
 GET / 200 in 887ms
 ✓ Compiled in 601ms (406 modules)
 GET / 200 in 726ms
 ✓ Compiled in 483ms (406 modules)
 GET / 200 in 850ms
 ✓ Compiled in 674ms (406 modules)
 ✓ Compiled in 546ms (406 modules)
 GET / 200 in 651ms
 ✓ Compiled in 495ms (406 modules)
 GET / 200 in 517ms
 ✓ Compiled in 379ms (406 modules)
 GET / 200 in 547ms
 ✓ Compiled in 425ms (406 modules)
 GET / 200 in 604ms
 ✓ Compiled in 529ms (406 modules)
 GET / 200 in 775ms
 ✓ Compiled in 493ms (406 modules)
 GET / 200 in 663ms
 ✓ Compiled in 517ms (406 modules)
 ✓ Compiled in 513ms (406 modules)
 GET / 200 in 632ms
 ✓ Compiled in 664ms (406 modules)
 GET / 200 in 729ms
 ✓ Compiled in 456ms (406 modules)
 GET / 200 in 490ms
 ✓ Compiled in 467ms (406 modules)
 GET / 200 in 625ms
 ✓ Compiled in 477ms (406 modules)
 GET / 200 in 644ms
 ✓ Compiled in 486ms (406 modules)
 ✓ Compiled in 461ms (406 modules)
 GET / 200 in 578ms
 ✓ Compiled in 498ms (406 modules)
 GET / 200 in 500ms
 ✓ Compiled in 363ms (406 modules)
 GET / 200 in 525ms
 ✓ Compiled in 500ms (406 modules)
 GET / 200 in 748ms
 ✓ Compiled in 484ms (406 modules)
 GET / 200 in 649ms
 ✓ Compiled in 499ms (406 modules)
 ✓ Compiled in 485ms (406 modules)
 GET / 200 in 576ms
 ✓ Compiled in 523ms (406 modules)
 GET / 200 in 567ms
 ✓ Compiled in 492ms (406 modules)
 GET / 200 in 573ms
 ✓ Compiled in 432ms (406 modules)
 GET / 200 in 709ms
 ✓ Compiled in 498ms (406 modules)
 GET / 200 in 621ms
 ✓ Compiled in 480ms (406 modules)
 GET / 200 in 612ms
 ✓ Compiled in 488ms (406 modules)
 ✓ Compiled in 567ms (406 modules)
 GET / 200 in 713ms
 ✓ Compiled in 392ms (406 modules)
 GET / 200 in 854ms
 ✓ Compiled in 522ms (406 modules)
 ✓ Compiled in 498ms (406 modules)
 GET / 200 in 582ms
 ✓ Compiled in 523ms (406 modules)
 GET / 200 in 565ms
 ✓ Compiled in 502ms (406 modules)
 GET / 200 in 514ms
 ✓ Compiled in 509ms (406 modules)
 GET / 200 in 510ms
 GET / 200 in 436ms
 ✓ Compiled in 483ms (406 modules)
 ✓ Compiled in 514ms (406 modules)
 GET / 200 in 521ms
 ✓ Compiled in 440ms (406 modules)
 GET / 200 in 449ms
 ✓ Compiled in 495ms (406 modules)
 GET / 200 in 528ms
 GET / 200 in 467ms
 ✓ Compiled in 504ms (406 modules)
 ✓ Compiled in 522ms (406 modules)
 GET / 200 in 573ms
 ✓ Compiled in 435ms (406 modules)
 GET / 200 in 518ms
 ✓ Compiled in 472ms (406 modules)
 GET / 200 in 703ms
 ✓ Compiled in 488ms (406 modules)
 GET / 200 in 838ms
 ✓ Compiled in 561ms (406 modules)
 GET / 200 in 625ms
 ✓ Compiled in 480ms (406 modules)
 ✓ Compiled in 518ms (406 modules)
 GET / 200 in 591ms
 ✓ Compiled in 459ms (406 modules)
 GET / 200 in 465ms
 GET / 200 in 501ms
 ✓ Compiled in 538ms (406 modules)
 GET / 200 in 445ms
 ✓ Compiled in 490ms (406 modules)
 GET / 200 in 514ms
 ✓ Compiled in 518ms (406 modules)
 ✓ Compiled in 491ms (406 modules)
 GET / 200 in 547ms
 ✓ Compiled in 533ms (406 modules)
 GET / 200 in 567ms
 ✓ Compiled in 455ms (406 modules)
 GET / 200 in 551ms
 ✓ Compiled in 585ms (406 modules)
 GET / 200 in 603ms
 ✓ Compiled in 468ms (406 modules)
 GET / 200 in 547ms
 ✓ Compiled in 500ms (406 modules)
 GET / 200 in 501ms
 ✓ Compiled in 405ms (406 modules)
 GET / 200 in 330ms
 ✓ Compiled in 517ms (406 modules)
 GET / 200 in 556ms
 ✓ Compiled in 478ms (406 modules)
 GET / 200 in 557ms
 ✓ Compiled in 531ms (406 modules)
 GET / 200 in 563ms
 ✓ Compiled in 377ms (406 modules)
 GET / 200 in 726ms
 ✓ Compiled in 683ms (406 modules)
 GET / 200 in 435ms
 ✓ Compiled in 300ms (406 modules)
 GET / 200 in 226ms
 ✓ Compiled in 289ms (406 modules)
 GET / 200 in 334ms
 ✓ Compiled in 453ms (406 modules)
 GET / 200 in 903ms
 ✓ Compiled in 514ms (406 modules)
 GET / 200 in 564ms
 ✓ Compiled in 494ms (406 modules)
 GET / 200 in 538ms
 ✓ Compiled in 506ms (406 modules)
 ✓ Compiled in 495ms (406 modules)
 GET / 200 in 554ms
 ✓ Compiled in 557ms (406 modules)
 GET / 200 in 594ms
 ✓ Compiled in 407ms (406 modules)
 GET / 200 in 446ms
 ✓ Compiled in 476ms (406 modules)
 GET / 200 in 879ms
 ✓ Compiled in 434ms (406 modules)
 ✓ Compiled in 449ms (406 modules)
 GET / 200 in 539ms
 GET / 200 in 458ms
 ✓ Compiled in 506ms (406 modules)
 ✓ Compiled in 498ms (406 modules)
 GET / 200 in 545ms
 ✓ Compiled in 473ms (406 modules)
 GET / 200 in 517ms
 ✓ Compiled in 363ms (406 modules)
 GET / 200 in 536ms
 ✓ Compiled in 513ms (406 modules)
 GET / 200 in 602ms
 ✓ Compiled in 453ms (406 modules)
 ✓ Compiled in 506ms (406 modules)
 GET / 200 in 601ms
 ✓ Compiled in 475ms (406 modules)
 GET / 200 in 551ms
 ✓ Compiled in 499ms (406 modules)
 GET / 200 in 522ms
 ✓ Compiled in 400ms (406 modules)
 GET / 200 in 698ms
 ✓ Compiled in 534ms (406 modules)
 GET / 200 in 579ms
 ✓ Compiled in 425ms (406 modules)
 ✓ Compiled in 531ms (406 modules)
 GET / 200 in 622ms
 ✓ Compiled in 454ms (406 modules)
 GET / 200 in 502ms
 ✓ Compiled in 424ms (406 modules)
 GET / 200 in 829ms
 ✓ Compiled in 434ms (406 modules)
 ✓ Compiled in 604ms (406 modules)
 GET / 200 in 864ms
 ✓ Compiled in 1300ms (406 modules)
 GET / 200 in 1489ms
 ✓ Compiled in 452ms (405 modules)
 GET / 200 in 893ms
 ✓ Compiled in 455ms (405 modules)
 ✓ Compiled in 545ms (405 modules)
 GET / 200 in 634ms
 ✓ Compiled in 451ms (405 modules)
 GET / 200 in 523ms
 ✓ Compiled in 367ms (405 modules)
 GET / 200 in 733ms
 ✓ Compiled in 452ms (405 modules)
 ✓ Compiled in 486ms (405 modules)
 GET / 200 in 596ms
 ✓ Compiled in 439ms (405 modules)
 ○ Compiling /_error ...
 ✓ Compiled /_error in 1069ms (977 modules)
 ✓ Compiled in 1244ms (977 modules)
 GET / 500 in 2875ms
 ✓ Compiled in 722ms (406 modules)
 GET / 200 in 768ms
 ✓ Compiled in 402ms (406 modules)
 GET / 200 in 649ms
 ✓ Compiled in 481ms (406 modules)
 GET / 200 in 720ms
 ✓ Compiled in 456ms (406 modules)
 ✓ Compiled in 504ms (406 modules)
 GET / 200 in 612ms
 ✓ Compiled in 495ms (406 modules)
 GET / 200 in 573ms
 ✓ Compiled in 491ms (406 modules)
 GET / 200 in 471ms
 ✓ Compiled in 432ms (406 modules)
 GET / 200 in 518ms
 ✓ Compiled in 435ms (406 modules)
 GET / 200 in 670ms
 ✓ Compiled in 470ms (406 modules)
 GET / 200 in 765ms
 ✓ Compiled in 515ms (406 modules)
 ✓ Compiled in 484ms (406 modules)
 GET / 200 in 654ms
 ✓ Compiled in 480ms (406 modules)
 GET / 200 in 566ms
 ✓ Compiled in 482ms (406 modules)
 GET / 200 in 554ms
 ✓ Compiled in 518ms (406 modules)
 GET / 200 in 589ms
 ✓ Compiled in 386ms (406 modules)
 GET / 200 in 693ms
 ✓ Compiled in 482ms (406 modules)
 GET / 200 in 566ms
 ✓ Compiled in 473ms (406 modules)
 ✓ Compiled in 496ms (406 modules)
 GET / 200 in 606ms
 ✓ Compiled in 438ms (406 modules)
 GET / 200 in 478ms
 ✓ Compiled in 534ms (406 modules)
 GET / 200 in 619ms
 ✓ Compiled in 393ms (406 modules)
 GET / 200 in 703ms
 ✓ Compiled in 525ms (406 modules)
 GET / 200 in 684ms
 ✓ Compiled in 423ms (406 modules)
 GET / 200 in 654ms
 ✓ Compiled in 506ms (406 modules)
 ✓ Compiled in 455ms (406 modules)
 GET / 200 in 528ms
 ✓ Compiled in 439ms (406 modules)
 GET / 200 in 845ms
 ✓ Compiled in 470ms (406 modules)
 ✓ Compiled in 529ms (406 modules)
 GET / 200 in 692ms
 ✓ Compiled in 477ms (406 modules)
 GET / 200 in 568ms
 ✓ Compiled in 436ms (406 modules)
 GET / 200 in 866ms
 ✓ Compiled in 471ms (406 modules)
 ✓ Compiled in 555ms (406 modules)
 GET / 200 in 645ms
 ✓ Compiled in 455ms (406 modules)
 GET / 200 in 500ms
 ✓ Compiled in 543ms (406 modules)
 GET / 200 in 623ms
 ✓ Compiled in 407ms (406 modules)
 GET / 200 in 600ms
 ✓ Compiled in 431ms (406 modules)
 GET / 200 in 698ms
 ✓ Compiled in 477ms (406 modules)
 GET / 200 in 617ms
 ✓ Compiled in 509ms (406 modules)
 ✓ Compiled in 428ms (406 modules)
 GET / 200 in 535ms
 ✓ Compiled in 407ms (406 modules)
 GET / 200 in 842ms
 ✓ Compiled in 489ms (406 modules)
 ✓ Compiled in 448ms (406 modules)
 GET / 200 in 572ms
 ✓ Compiled in 531ms (406 modules)
 GET / 200 in 574ms
 ✓ Compiled in 411ms (406 modules)
 GET / 200 in 507ms
 ✓ Compiled in 421ms (406 modules)
 GET / 200 in 678ms
 ✓ Compiled in 479ms (406 modules)
 GET / 200 in 789ms
 ✓ Compiled in 508ms (406 modules)
 ✓ Compiled in 443ms (406 modules)
 GET / 200 in 561ms
 ✓ Compiled in 540ms (406 modules)
 GET / 200 in 588ms
 ✓ Compiled in 402ms (406 modules)
 GET / 200 in 859ms
 ✓ Compiled in 497ms (406 modules)
 GET / 200 in 539ms
 ✓ Compiled in 504ms (406 modules)
 ✓ Compiled in 514ms (406 modules)
 GET / 200 in 605ms
 ✓ Compiled in 398ms (406 modules)
 GET / 200 in 434ms
 ✓ Compiled in 359ms (406 modules)
 GET / 200 in 494ms
 ✓ Compiled in 470ms (406 modules)
 GET / 200 in 640ms
 ✓ Compiled in 394ms (406 modules)
 GET / 200 in 647ms
 ✓ Compiled in 529ms (406 modules)
 ✓ Compiled in 462ms (406 modules)
 GET / 200 in 563ms
 ✓ Compiled in 510ms (406 modules)
 GET / 200 in 557ms
 ✓ Compiled in 500ms (406 modules)
 GET / 200 in 615ms
 ✓ Compiled in 453ms (406 modules)
 GET / 200 in 667ms
 ✓ Compiled in 466ms (406 modules)
 GET / 200 in 778ms
 ✓ Compiled in 524ms (406 modules)
 GET / 200 in 573ms
 ✓ Compiled in 470ms (406 modules)
 ✓ Compiled in 470ms (406 modules)
 GET / 200 in 582ms
 ✓ Compiled in 469ms (406 modules)
 GET / 200 in 529ms
 ✓ Compiled in 549ms (406 modules)
 GET / 200 in 613ms
 ✓ Compiled in 383ms (406 modules)
 GET / 200 in 644ms
 ✓ Compiled in 452ms (406 modules)
 GET / 200 in 596ms
 ✓ Compiled in 489ms (406 modules)
 ✓ Compiled in 508ms (406 modules)
 GET / 200 in 624ms
 ✓ Compiled in 476ms (406 modules)
 GET / 200 in 532ms
 ✓ Compiled in 497ms (406 modules)
 GET / 200 in 576ms
 ✓ Compiled in 378ms (406 modules)
 GET / 200 in 699ms
 ✓ Compiled in 535ms (406 modules)
 GET / 200 in 620ms
 ✓ Compiled in 495ms (406 modules)
 GET / 200 in 654ms
 ✓ Compiled in 512ms (406 modules)
 ✓ Compiled in 462ms (406 modules)
 GET / 200 in 550ms
 ✓ Compiled in 542ms (406 modules)
 GET / 200 in 571ms
 ✓ Compiled in 455ms (406 modules)
 GET / 200 in 534ms
 ✓ Compiled in 488ms (406 modules)
 GET / 200 in 748ms
 ✓ Compiled in 476ms (406 modules)
 GET / 200 in 579ms
 ✓ Compiled in 444ms (406 modules)
 GET / 200 in 532ms
 ✓ Compiled in 462ms (406 modules)
 ✓ Compiled in 496ms (406 modules)
 GET / 200 in 561ms
 ✓ Compiled in 425ms (406 modules)
 GET / 200 in 501ms
 ✓ Compiled in 526ms (406 modules)
 GET / 200 in 549ms
 ✓ Compiled in 538ms (406 modules)
 GET / 200 in 599ms
 ✓ Compiled in 410ms (406 modules)
 GET / 200 in 748ms
 ✓ Compiled in 465ms (406 modules)
 GET / 200 in 644ms
 ✓ Compiled in 516ms (406 modules)
 ✓ Compiled in 431ms (406 modules)
 GET / 200 in 561ms
 ✓ Compiled in 408ms (406 modules)
 GET / 200 in 458ms
 ✓ Compiled in 497ms (406 modules)
 GET / 200 in 542ms
 ✓ Compiled in 472ms (406 modules)
 GET / 200 in 560ms
 ✓ Compiled in 382ms (406 modules)
 GET / 200 in 596ms
 ✓ Compiled in 470ms (406 modules)
 GET / 200 in 648ms
 ✓ Compiled in 517ms (406 modules)
 ✓ Compiled in 457ms (406 modules)
 GET / 200 in 543ms
 ✓ Compiled in 517ms (406 modules)
 GET / 200 in 567ms
 ✓ Compiled in 386ms (406 modules)
 GET / 200 in 830ms
 ✓ Compiled in 482ms (406 modules)
 ✓ Compiled in 463ms (406 modules)
 GET / 200 in 537ms
 ✓ Compiled in 497ms (406 modules)
 GET / 200 in 540ms
 ✓ Compiled in 467ms (406 modules)
 GET / 200 in 554ms
 ✓ Compiled in 428ms (406 modules)
 GET / 200 in 647ms
 ✓ Compiled in 433ms (406 modules)
 GET / 200 in 656ms
 ✓ Compiled in 521ms (406 modules)
 ✓ Compiled in 456ms (406 modules)
 GET / 200 in 652ms
 ✓ Compiled in 470ms (406 modules)
 GET / 200 in 531ms
 ✓ Compiled in 407ms (406 modules)
 GET / 200 in 808ms
 ✓ Compiled in 440ms (406 modules)
 ✓ Compiled in 473ms (406 modules)
 GET / 200 in 548ms
 ✓ Compiled in 422ms (406 modules)
 GET / 200 in 477ms
 ✓ Compiled in 486ms (406 modules)
 ✓ Compiled in 623ms (406 modules)
 GET / 500 in 1126ms
 ✓ Compiled in 392ms (406 modules)
 GET / 200 in 769ms
 ✓ Compiled in 458ms (406 modules)
 ✓ Compiled in 513ms (406 modules)
 GET / 200 in 617ms
 ✓ Compiled in 450ms (406 modules)
 GET / 200 in 519ms
 ✓ Compiled in 457ms (406 modules)
 GET / 200 in 788ms
 ✓ Compiled in 373ms (406 modules)
 ✓ Compiled in 515ms (406 modules)
 GET / 200 in 591ms
 ✓ Compiled in 394ms (406 modules)
 GET / 200 in 840ms
 ✓ Compiled in 485ms (406 modules)
 ✓ Compiled in 456ms (406 modules)
 GET / 200 in 542ms
 ✓ Compiled in 492ms (406 modules)
 GET / 200 in 554ms
 ✓ Compiled in 491ms (406 modules)
 GET / 500 in 882ms
 ✓ Compiled in 472ms (406 modules)
 ✓ Compiled in 500ms (406 modules)
 GET / 200 in 586ms
 ✓ Compiled in 554ms (406 modules)
 GET / 200 in 606ms
 ✓ Compiled in 386ms (406 modules)
 GET / 200 in 446ms
 ✓ Compiled in 527ms (406 modules)
 GET / 200 in 607ms
 ✓ Compiled in 414ms (406 modules)
 GET / 200 in 655ms
 ✓ Compiled in 495ms (406 modules)
 GET / 200 in 644ms
 ✓ Compiled in 481ms (406 modules)
 ✓ Compiled in 540ms (406 modules)
 GET / 200 in 649ms
 ✓ Compiled in 457ms (406 modules)
 GET / 200 in 514ms
 ✓ Compiled in 561ms (406 modules)
 GET / 200 in 642ms
 ✓ Compiled in 554ms (406 modules)
 GET / 200 in 592ms
 ✓ Compiled in 442ms (406 modules)
 GET / 200 in 522ms
 ✓ Compiled in 418ms (406 modules)
 GET / 200 in 491ms
 ✓ Compiled in 512ms (406 modules)
 GET / 200 in 652ms
 ✓ Compiled in 484ms (406 modules)
 GET / 200 in 755ms
 ✓ Compiled in 517ms (406 modules)
 GET / 200 in 585ms
 ✓ Compiled in 453ms (406 modules)
 ✓ Compiled in 489ms (406 modules)
 GET / 200 in 620ms
 ✓ Compiled in 514ms (406 modules)
 GET / 200 in 523ms
 ✓ Compiled in 515ms (406 modules)
 GET / 200 in 547ms
 ✓ Compiled in 358ms (406 modules)
 GET / 200 in 405ms
 ✓ Compiled in 520ms (406 modules)
 GET / 200 in 603ms
 ✓ Compiled in 423ms (406 modules)
 GET / 200 in 558ms
 ✓ Compiled in 504ms (406 modules)
 GET / 200 in 535ms
 ✓ Compiled in 533ms (406 modules)
 GET / 200 in 738ms
 ✓ Compiled in 574ms (406 modules)
 GET / 200 in 690ms
 ✓ Compiled in 489ms (406 modules)
 GET / 200 in 589ms
 ✓ Compiled in 555ms (406 modules)
 ✓ Compiled in 534ms (406 modules)
 GET / 200 in 604ms
 ✓ Compiled in 497ms (406 modules)
 GET / 200 in 711ms
 ✓ Compiled in 1685ms (406 modules)
 GET / 200 in 2110ms
 ✓ Compiled in 605ms (406 modules)
 GET / 200 in 658ms
 ✓ Compiled in 584ms (406 modules)
 ✓ Compiled in 458ms (406 modules)
 GET / 200 in 516ms
 ✓ Compiled in 589ms (406 modules)
 GET / 200 in 661ms
 ✓ Compiled in 510ms (406 modules)
 GET / 200 in 544ms
 ✓ Compiled in 523ms (406 modules)
 GET / 200 in 575ms
 ✓ Compiled in 523ms (406 modules)
 GET / 200 in 670ms
 ✓ Compiled in 447ms (406 modules)
 GET / 200 in 663ms
 ✓ Compiled in 446ms (406 modules)
 ✓ Compiled in 519ms (406 modules)
 GET / 200 in 687ms
 ✓ Compiled in 477ms (406 modules)
 GET / 200 in 605ms
 ✓ Compiled in 568ms (406 modules)
 GET / 200 in 599ms
 ✓ Compiled in 509ms (406 modules)
 GET / 200 in 646ms
 ✓ Compiled in 533ms (406 modules)
 GET / 200 in 549ms
 ✓ Compiled in 475ms (406 modules)
 GET / 200 in 656ms
 ✓ Compiled in 582ms (406 modules)
 GET / 200 in 709ms
 ✓ Compiled in 523ms (406 modules)
 GET / 200 in 637ms
 ✓ Compiled in 478ms (406 modules)
 ✓ Compiled in 538ms (406 modules)
 GET / 200 in 633ms
 GET / 200 in 449ms
 ✓ Compiled in 491ms (406 modules)
 ✓ Compiled in 486ms (406 modules)
 GET / 200 in 536ms
 GET / 200 in 429ms
 ✓ Compiled in 473ms (406 modules)
 ✓ Compiled in 509ms (406 modules)
 GET / 200 in 552ms
 ✓ Compiled in 498ms (406 modules)
 GET / 200 in 551ms
 ✓ Compiled in 557ms (406 modules)
 GET / 200 in 617ms
 ✓ Compiled in 511ms (406 modules)
 GET / 200 in 611ms
 ✓ Compiled in 563ms (406 modules)
 GET / 200 in 597ms
 ✓ Compiled in 467ms (406 modules)
 GET / 200 in 609ms
 ✓ Compiled in 510ms (406 modules)
 GET / 200 in 697ms
 ✓ Compiled in 467ms (406 modules)
 ✓ Compiled in 464ms (406 modules)
 GET / 200 in 603ms
 ✓ Compiled in 487ms (406 modules)
 GET / 200 in 509ms
 ✓ Compiled in 501ms (406 modules)
 GET / 200 in 511ms
 ✓ Compiled in 485ms (406 modules)
 GET / 200 in 551ms
 ✓ Compiled in 544ms (406 modules)
 GET / 200 in 608ms
 ✓ Compiled in 506ms (406 modules)
 GET / 200 in 603ms
 ✓ Compiled in 444ms (406 modules)
 GET / 200 in 654ms
 ✓ Compiled in 481ms (406 modules)
 GET / 200 in 675ms
 ✓ Compiled in 526ms (406 modules)
 ✓ Compiled in 483ms (406 modules)
 GET / 200 in 602ms
 ✓ Compiled in 521ms (406 modules)
 GET / 200 in 591ms
 ✓ Compiled in 612ms (406 modules)
 GET / 200 in 650ms
 ✓ Compiled in 472ms (406 modules)
 GET / 200 in 625ms
 ✓ Compiled in 446ms (406 modules)
 GET / 200 in 691ms
 ✓ Compiled in 508ms (406 modules)
 GET / 200 in 644ms
 ✓ Compiled in 545ms (406 modules)
 ✓ Compiled in 472ms (406 modules)
 GET / 200 in 575ms
 GET / 200 in 539ms
 ✓ Compiled in 522ms (406 modules)
 ✓ Compiled in 472ms (406 modules)
 GET / 200 in 506ms
 ✓ Compiled in 514ms (406 modules)
 GET / 200 in 544ms
 ✓ Compiled in 468ms (406 modules)
 GET / 200 in 568ms
 ✓ Compiled in 447ms (406 modules)
 GET / 200 in 681ms
 ✓ Compiled in 470ms (406 modules)
 GET / 200 in 801ms
 ✓ Compiled in 541ms (406 modules)
 GET / 200 in 617ms
 ✓ Compiled in 461ms (406 modules)
 ✓ Compiled in 486ms (406 modules)
 GET / 200 in 589ms
 ✓ Compiled in 458ms (406 modules)
 GET / 200 in 532ms
 ✓ Compiled in 522ms (406 modules)
 GET / 200 in 557ms
 ✓ Compiled in 440ms (406 modules)
 GET / 200 in 457ms
 ✓ Compiled in 422ms (406 modules)
 GET / 200 in 495ms
 ✓ Compiled in 404ms (406 modules)
 GET / 200 in 552ms
 ✓ Compiled in 473ms (406 modules)
 GET / 200 in 761ms
 ✓ Compiled in 523ms (406 modules)
 ✓ Compiled in 507ms (406 modules)
 GET / 200 in 747ms
 ✓ Compiled in 488ms (406 modules)
 GET / 200 in 609ms
 ✓ Compiled in 516ms (406 modules)
 GET / 200 in 554ms
 ✓ Compiled in 484ms (406 modules)
 GET / 200 in 557ms
 ✓ Compiled in 419ms (406 modules)
 GET / 200 in 539ms
 ✓ Compiled in 464ms (406 modules)
 GET / 200 in 703ms
 ✓ Compiled in 471ms (406 modules)
 GET / 200 in 622ms
 ✓ Compiled in 459ms (406 modules)
 ✓ Compiled in 466ms (406 modules)
 GET / 200 in 535ms
 ✓ Compiled in 465ms (406 modules)
 GET / 200 in 565ms
 ✓ Compiled in 388ms (406 modules)
 GET / 200 in 387ms
 ✓ Compiled in 468ms (406 modules)
 GET / 200 in 526ms
 ✓ Compiled in 374ms (406 modules)
 GET / 200 in 722ms
 ✓ Compiled in 535ms (406 modules)
 GET / 200 in 587ms
 ✓ Compiled in 456ms (406 modules)
 ✓ Compiled in 469ms (406 modules)
 GET / 200 in 582ms
 ✓ Compiled in 483ms (406 modules)
 GET / 200 in 498ms
 ✓ Compiled in 490ms (406 modules)
 GET / 200 in 887ms
 ✓ Compiled in 421ms (406 modules)
 ✓ Compiled in 505ms (406 modules)
 GET / 200 in 576ms
 ✓ Compiled in 486ms (406 modules)
 GET / 200 in 525ms
 ✓ Compiled in 552ms (406 modules)
 ✓ Compiled in 1259ms (977 modules)
 GET / 500 in 1844ms
 ✓ Compiled in 676ms (406 modules)
 GET / 200 in 745ms
 ✓ Compiled in 368ms (406 modules)
 GET / 200 in 603ms
 ✓ Compiled in 464ms (406 modules)
 GET / 200 in 614ms
 ✓ Compiled in 445ms (406 modules)
 ✓ Compiled in 543ms (406 modules)
 GET / 200 in 640ms
 ✓ Compiled in 472ms (406 modules)
 GET / 200 in 507ms
 ✓ Compiled in 400ms (406 modules)
 GET / 200 in 738ms
 ✓ Compiled in 503ms (406 modules)
 GET / 200 in 708ms
 ✓ Compiled in 483ms (406 modules)
 ✓ Compiled in 467ms (406 modules)
 GET / 200 in 585ms
 ✓ Compiled in 486ms (406 modules)
 GET / 200 in 585ms
 ✓ Compiled in 557ms (406 modules)
 GET / 200 in 598ms
 ✓ Compiled in 357ms (406 modules)
 GET / 200 in 531ms
 ✓ Compiled in 499ms (406 modules)
 GET / 200 in 557ms
 ✓ Compiled in 448ms (406 modules)
 GET / 200 in 523ms
 ✓ Compiled in 473ms (406 modules)
 ✓ Compiled in 459ms (406 modules)
 GET / 200 in 549ms
 ✓ Compiled in 562ms (406 modules)
 GET / 200 in 590ms
 ✓ Compiled in 352ms (406 modules)
 GET / 200 in 794ms
 ✓ Compiled in 475ms (406 modules)
 ✓ Compiled in 451ms (406 modules)
 GET / 200 in 538ms
 ✓ Compiled in 485ms (406 modules)
 GET / 200 in 542ms
 ✓ Compiled in 402ms (406 modules)
 GET / 200 in 692ms
 ✓ Compiled in 583ms (406 modules)
 GET / 200 in 811ms
 ✓ Compiled in 434ms (406 modules)
 ✓ Compiled in 538ms (406 modules)
 GET / 200 in 640ms
 ✓ Compiled in 468ms (406 modules)
 GET / 200 in 512ms
 ✓ Compiled in 536ms (406 modules)
 GET / 200 in 584ms
 ✓ Compiled in 382ms (406 modules)
 GET / 200 in 607ms
 ✓ Compiled in 493ms (406 modules)
 GET / 200 in 698ms
 ✓ Compiled in 473ms (406 modules)
 GET / 200 in 697ms
 ✓ Compiled in 539ms (406 modules)
 ✓ Compiled in 476ms (406 modules)
 GET / 200 in 550ms
 ✓ Compiled in 543ms (406 modules)
 GET / 200 in 626ms
 ✓ Compiled in 488ms (406 modules)
 GET / 200 in 489ms
 ✓ Compiled in 502ms (406 modules)
 GET / 500 in 864ms
 ✓ Compiled in 554ms (406 modules)
 GET / 200 in 708ms
 ✓ Compiled in 567ms (406 modules)
 ✓ Compiled in 411ms (406 modules)
 GET / 200 in 497ms
 ✓ Compiled in 531ms (406 modules)
 GET / 200 in 580ms
 ✓ Compiled in 382ms (406 modules)
 GET / 200 in 858ms
 ✓ Compiled in 510ms (406 modules)
 ✓ Compiled in 439ms (406 modules)
 GET / 200 in 548ms
 ✓ Compiled in 543ms (406 modules)
 GET / 200 in 557ms
 ✓ Compiled in 460ms (406 modules)
 GET / 200 in 487ms
 ✓ Compiled in 481ms (406 modules)
 GET / 200 in 588ms
 ✓ Compiled in 409ms (406 modules)
 GET / 200 in 718ms
 ✓ Compiled in 546ms (406 modules)
 GET / 200 in 647ms
 ✓ Compiled in 431ms (406 modules)
 ✓ Compiled in 437ms (406 modules)
 GET / 200 in 519ms
 ✓ Compiled in 507ms (406 modules)
 GET / 200 in 591ms
 ✓ Compiled in 558ms (406 modules)
 GET / 200 in 605ms
 ✓ Compiled in 472ms (406 modules)
 GET / 200 in 514ms
 ✓ Compiled in 477ms (406 modules)
 GET / 200 in 717ms
 ✓ Compiled in 549ms (406 modules)
 GET / 200 in 816ms
 ✓ Compiled in 489ms (406 modules)
 GET / 200 in 589ms
 ✓ Compiled in 472ms (406 modules)
 ✓ Compiled in 469ms (406 modules)
 GET / 200 in 568ms
 ✓ Compiled in 461ms (406 modules)
 GET / 200 in 467ms
 ✓ Compiled in 407ms (406 modules)
 GET / 200 in 792ms
 ✓ Compiled in 438ms (406 modules)
 ✓ Compiled in 456ms (406 modules)
 GET / 200 in 549ms
 ✓ Compiled in 511ms (406 modules)
 GET / 200 in 547ms
 ✓ Compiled in 484ms (406 modules)
 GET / 200 in 569ms
 ✓ Compiled in 401ms (406 modules)
 GET / 200 in 496ms
 ✓ Compiled in 460ms (406 modules)
 GET / 200 in 642ms
 ✓ Compiled in 463ms (406 modules)
 GET / 200 in 532ms
 ✓ Compiled in 430ms (406 modules)
 ✓ Compiled in 510ms (406 modules)
 GET / 200 in 588ms
 ✓ Compiled in 450ms (406 modules)
 GET / 200 in 514ms
 ✓ Compiled in 498ms (406 modules)
 GET / 200 in 554ms
 ✓ Compiled in 413ms (406 modules)
 GET / 200 in 700ms
 ✓ Compiled in 509ms (406 modules)
 GET / 200 in 617ms
 ✓ Compiled in 472ms (406 modules)
 ✓ Compiled in 490ms (406 modules)
 GET / 200 in 553ms
 ✓ Compiled in 470ms (406 modules)
 GET / 200 in 597ms
 ✓ Compiled in 524ms (406 modules)
 GET / 200 in 552ms
 ✓ Compiled in 431ms (406 modules)
 GET / 200 in 468ms
 ✓ Compiled in 296ms (406 modules)
 GET / 200 in 608ms
 ✓ Compiled in 513ms (406 modules)
 GET / 200 in 703ms
 ✓ Compiled in 473ms (406 modules)
 GET / 200 in 644ms
 ✓ Compiled in 506ms (406 modules)
 ✓ Compiled in 495ms (406 modules)
 GET / 200 in 598ms
 ✓ Compiled in 511ms (406 modules)
 GET / 200 in 548ms
 ✓ Compiled in 466ms (406 modules)
 GET / 200 in 525ms
 ✓ Compiled in 388ms (406 modules)
 GET / 200 in 625ms
 ✓ Compiled in 473ms (406 modules)
 GET / 200 in 684ms
 ✓ Compiled in 480ms (406 modules)
 GET / 200 in 580ms
 ✓ Compiled in 490ms (406 modules)
 ✓ Compiled in 520ms (406 modules)
 GET / 200 in 634ms
 ✓ Compiled in 450ms (406 modules)
 GET / 200 in 564ms
 ✓ Compiled in 535ms (406 modules)
 GET / 200 in 539ms
 ✓ Compiled in 476ms (406 modules)
 GET / 200 in 609ms
 ✓ Compiled in 474ms (406 modules)
 GET / 200 in 721ms
 ✓ Compiled in 467ms (406 modules)
 GET / 200 in 640ms
 ✓ Compiled in 528ms (406 modules)
 ✓ Compiled in 527ms (406 modules)
 GET / 200 in 1058ms
 ✓ Compiled in 1691ms (406 modules)
 GET / 200 in 1575ms
 ✓ Compiled in 568ms (406 modules)
 GET / 200 in 621ms
 ✓ Compiled in 478ms (406 modules)
 GET / 200 in 571ms
 ✓ Compiled in 496ms (406 modules)
 GET / 200 in 697ms
 ✓ Compiled in 418ms (406 modules)
 GET / 200 in 641ms
 ✓ Compiled in 537ms (406 modules)
 GET / 200 in 677ms
 ✓ Compiled in 462ms (406 modules)
 ✓ Compiled in 515ms (406 modules)
 GET / 200 in 605ms
 ✓ Compiled in 448ms (406 modules)
 GET / 200 in 484ms
 ✓ Compiled in 462ms (406 modules)
 GET / 200 in 607ms
 ✓ Compiled in 467ms (406 modules)
 GET / 200 in 594ms
 ✓ Compiled in 427ms (406 modules)
 GET / 200 in 624ms
 ✓ Compiled in 504ms (406 modules)
 ✓ Compiled in 515ms (406 modules)
 GET / 200 in 618ms
 ✓ Compiled in 433ms (406 modules)
 GET / 200 in 471ms
 ✓ Compiled in 485ms (406 modules)
 GET / 200 in 534ms
 ✓ Compiled in 487ms (406 modules)
 GET / 200 in 572ms
 ✓ Compiled in 443ms (406 modules)
 GET / 200 in 721ms
 ✓ Compiled in 470ms (406 modules)
 GET / 200 in 627ms
 ✓ Compiled in 520ms (406 modules)
 ✓ Compiled in 438ms (406 modules)
 GET / 200 in 585ms
 ✓ Compiled in 498ms (406 modules)
 GET / 200 in 558ms
 ✓ Compiled in 372ms (406 modules)
 GET / 200 in 490ms
 ✓ Compiled in 438ms (406 modules)
 GET / 200 in 772ms
 ✓ Compiled in 539ms (406 modules)
 ✓ Compiled in 458ms (406 modules)
 GET / 200 in 631ms
 ✓ Compiled in 479ms (406 modules)
 GET / 200 in 598ms
 ✓ Compiled in 405ms (406 modules)
 GET / 200 in 847ms
 ✓ Compiled in 477ms (406 modules)
 ✓ Compiled in 463ms (406 modules)
 GET / 200 in 572ms
 ✓ Compiled in 520ms (406 modules)
 GET / 200 in 577ms
 ✓ Compiled in 382ms (406 modules)
 GET / 200 in 831ms
 ✓ Compiled in 513ms (406 modules)
 ✓ Compiled in 457ms (406 modules)
 GET / 200 in 637ms
 ✓ Compiled in 499ms (406 modules)
 GET / 200 in 577ms
 ✓ Compiled in 440ms (406 modules)
 GET / 200 in 463ms
 ✓ Compiled in 615ms (406 modules)
 GET / 200 in 660ms
 ✓ Compiled in 479ms (406 modules)
 GET / 200 in 570ms
 ✓ Compiled in 434ms (406 modules)
 GET / 200 in 694ms
 ✓ Compiled in 480ms (406 modules)
 GET / 200 in 625ms
 ✓ Compiled in 496ms (406 modules)
 ✓ Compiled in 455ms (406 modules)
 GET / 200 in 553ms
 ✓ Compiled in 530ms (406 modules)
 GET / 200 in 581ms
 ✓ Compiled in 449ms (406 modules)
 GET / 200 in 475ms
 ✓ Compiled in 349ms (406 modules)
 GET / 200 in 491ms
 ✓ Compiled in 476ms (406 modules)
 GET / 200 in 725ms
 ✓ Compiled in 478ms (406 modules)
 ✓ Compiled in 461ms (406 modules)
 GET / 200 in 584ms
 ✓ Compiled in 482ms (406 modules)
 GET / 200 in 541ms
 ✓ Compiled in 410ms (406 modules)
 GET / 200 in 683ms
 ✓ Compiled in 472ms (406 modules)
 GET / 200 in 698ms
 ✓ Compiled in 472ms (406 modules)
 GET / 200 in 562ms
 ✓ Compiled in 445ms (406 modules)
 ✓ Compiled in 502ms (406 modules)
 GET / 200 in 600ms
 ✓ Compiled in 481ms (406 modules)
 GET / 200 in 505ms
 ✓ Compiled in 382ms (406 modules)
 GET / 200 in 686ms
 ✓ Compiled in 483ms (406 modules)
 GET / 200 in 730ms
 ✓ Compiled in 572ms (406 modules)
 GET / 200 in 575ms
 ✓ Compiled in 436ms (406 modules)
 ✓ Compiled in 458ms (406 modules)
 GET / 200 in 552ms
 ✓ Compiled in 455ms (406 modules)
 GET / 200 in 490ms
 ✓ Compiled in 527ms (406 modules)
 GET / 200 in 603ms
 ✓ Compiled in 398ms (405 modules)
 GET / 200 in 738ms
 ✓ Compiled in 546ms (405 modules)
 GET / 200 in 552ms
 ✓ Compiled in 413ms (405 modules)
 ✓ Compiled in 410ms (405 modules)
 GET / 200 in 487ms
 ✓ Compiled in 509ms (405 modules)
 GET / 200 in 556ms
 ✓ Compiled in 395ms (405 modules)
 GET / 200 in 692ms
 ✓ Compiled in 479ms (405 modules)
 GET / 200 in 575ms
 ✓ Compiled in 450ms (405 modules)
 ✓ Compiled in 403ms (405 modules)
 GET / 200 in 475ms
 ✓ Compiled in 438ms (405 modules)
 GET / 200 in 438ms
 ✓ Compiled in 432ms (405 modules)
 GET / 200 in 638ms
 ✓ Compiled in 383ms (405 modules)
 GET / 200 in 582ms
 ✓ Compiled in 466ms (405 modules)
 ✓ Compiled in 433ms (405 modules)
 GET / 200 in 509ms
 ✓ Compiled in 349ms (405 modules)
 GET / 200 in 627ms
 ✓ Compiled in 456ms (405 modules)
 GET / 200 in 520ms
 ✓ Compiled in 416ms (405 modules)
 GET / 200 in 479ms
 ✓ Compiled in 464ms (405 modules)
 ✓ Compiled in 441ms (405 modules)
 GET / 200 in 458ms
 ✓ Compiled in 412ms (405 modules)
 GET / 200 in 648ms
 ✓ Compiled in 413ms (405 modules)
 GET / 200 in 566ms
 ✓ Compiled in 476ms (405 modules)
 ✓ Compiled in 426ms (405 modules)
 GET / 200 in 523ms
 ✓ Compiled in 473ms (405 modules)
 ○ Compiling /_error ...
 ✓ Compiled /_error in 992ms (977 modules)
 GET / 500 in 1812ms
 ✓ Compiled in 428ms (406 modules)
 GET / 200 in 701ms
 ✓ Compiled in 594ms (406 modules)
 ○ Compiling /dashboard ...
 ✓ Compiled /dashboard in 11.9s (2129 modules)
 GET /dashboard 200 in 13265ms
 ✓ Compiled in 3.6s (2129 modules)
 GET /dashboard 500 in 3028ms
 ✓ Compiled in 1170ms (982 modules)
 GET /dashboard 200 in 738ms
 ✓ Compiled in 696ms (982 modules)
 GET /dashboard 200 in 661ms
 GET /dashboard 200 in 409ms
 ✓ Compiled in 646ms (982 modules)
 GET /dashboard 200 in 653ms
 ✓ Compiled in 644ms (982 modules)
 GET /dashboard 200 in 626ms
 ✓ Compiled in 729ms (982 modules)
 GET /dashboard 200 in 414ms
 ✓ Compiled in 646ms (982 modules)
 GET /dashboard 200 in 611ms
 GET /dashboard 200 in 519ms
 ✓ Compiled in 602ms (982 modules)
 GET /dashboard 200 in 448ms
 ✓ Compiled in 655ms (982 modules)
 GET /dashboard 200 in 461ms
 ✓ Compiled in 703ms (982 modules)
 GET /dashboard 200 in 576ms
 GET /dashboard 200 in 569ms
 ✓ Compiled in 621ms (982 modules)
 GET /dashboard 200 in 439ms
 ✓ Compiled in 648ms (982 modules)
 GET /dashboard 200 in 585ms
 ✓ Compiled in 626ms (982 modules)
 GET /dashboard 200 in 632ms
 ✓ Compiled in 645ms (982 modules)
 GET /dashboard 200 in 524ms
 GET /dashboard 200 in 568ms
 ✓ Compiled in 612ms (982 modules)
 GET /dashboard 200 in 413ms
 ✓ Compiled in 633ms (982 modules)
 GET /dashboard 200 in 616ms
 ✓ Compiled in 673ms (982 modules)
 GET /dashboard 200 in 470ms
 ✓ Compiled in 737ms (982 modules)
 GET /dashboard 200 in 705ms
 GET /dashboard 200 in 477ms
 GET /dashboard 200 in 602ms
 ✓ Compiled in 666ms (982 modules)
 GET /dashboard 200 in 399ms
 ✓ Compiled in 614ms (982 modules)
 GET /dashboard 200 in 623ms
 ✓ Compiled in 2.4s (2129 modules)
 GET /dashboard 500 in 2738ms
 ✓ Compiled in 622ms (982 modules)
 GET /dashboard 200 in 517ms
 ✓ Compiled in 715ms (982 modules)
 GET /dashboard 200 in 615ms
 ✓ Compiled in 2.4s (2129 modules)
 GET /dashboard 500 in 2617ms
 ✓ Compiled in 572ms (982 modules)
 GET /dashboard 200 in 565ms
 ✓ Compiled in 741ms (982 modules)
 GET /dashboard 200 in 577ms
 ✓ Compiled in 3.6s (2129 modules)
 GET / 200 in 3353ms
 GET /dashboard 500 in 5271ms
 GET /dashboard 200 in 211ms
 GET /dashboard 200 in 164ms
 GET /dashboard 200 in 122ms
 GET /dashboard 200 in 151ms
 GET /dashboard 200 in 124ms
 GET /dashboard 200 in 125ms
 GET /dashboard 200 in 135ms
 GET /dashboard 200 in 124ms
 GET /dashboard 200 in 123ms
 GET /dashboard 200 in 103ms
 GET /dashboard 200 in 121ms
 GET /dashboard 200 in 172ms
 GET /dashboard 200 in 138ms
 GET /dashboard 200 in 101ms
 GET /dashboard 200 in 129ms
 GET /dashboard 200 in 107ms
 GET /dashboard 200 in 123ms
 GET /dashboard 200 in 129ms
 GET /dashboard 200 in 132ms
 GET /dashboard 200 in 117ms
 GET /dashboard 200 in 100ms
 GET /dashboard 200 in 112ms
 GET /dashboard 200 in 106ms
 GET /dashboard 200 in 112ms
 GET /dashboard 200 in 95ms
 GET /dashboard 200 in 118ms
 GET /dashboard 200 in 142ms
 GET /dashboard 200 in 134ms
 GET /dashboard 200 in 151ms
 GET /dashboard 200 in 119ms
 GET /dashboard 200 in 100ms
 GET /dashboard 200 in 106ms
 GET /dashboard 200 in 185ms
 GET /dashboard 200 in 138ms
 GET /dashboard 200 in 108ms
 GET /dashboard 200 in 116ms
 GET /dashboard 200 in 111ms
 GET /dashboard 200 in 94ms
 GET /dashboard 200 in 100ms
 GET /dashboard 200 in 154ms
 GET /dashboard 200 in 108ms
 GET /dashboard 200 in 115ms
 GET /dashboard 200 in 116ms
 GET /dashboard 200 in 191ms
 GET /dashboard 200 in 142ms
 GET /dashboard 200 in 170ms
 GET /dashboard 200 in 148ms
 GET /dashboard 200 in 165ms
 GET /dashboard 200 in 138ms
 GET /dashboard 200 in 112ms
 GET /dashboard 200 in 134ms
 GET /dashboard 200 in 149ms
 GET /dashboard 200 in 140ms
 GET /dashboard 200 in 123ms
 GET /dashboard 200 in 112ms
 GET /dashboard 200 in 139ms
 GET /dashboard 200 in 129ms
 GET /dashboard 200 in 92ms
 GET /dashboard 200 in 146ms
 GET /dashboard 200 in 121ms
 GET /dashboard 200 in 120ms
 GET /dashboard 200 in 126ms
 GET /dashboard 200 in 119ms
 GET /dashboard 200 in 115ms
 GET /dashboard 200 in 153ms
 GET /dashboard 200 in 178ms
 GET /dashboard 200 in 159ms
 GET /dashboard 200 in 135ms
 GET /dashboard 200 in 121ms
 GET /dashboard 200 in 108ms
 GET /dashboard 200 in 120ms
 GET /dashboard 200 in 126ms
 GET /dashboard 200 in 102ms
 GET /dashboard 200 in 109ms
 GET /dashboard 200 in 127ms
 GET /dashboard 200 in 101ms
 GET /dashboard 200 in 104ms
 GET /dashboard 200 in 98ms
 GET /dashboard 200 in 158ms
 GET /dashboard 200 in 128ms
 GET /dashboard 200 in 136ms
 GET /dashboard 200 in 117ms
 GET /dashboard 200 in 106ms
 GET /dashboard 200 in 130ms
 GET /dashboard 200 in 127ms
 GET /dashboard 200 in 124ms
 GET /dashboard 200 in 107ms
 GET /dashboard 200 in 112ms
 GET /dashboard 200 in 105ms
 GET /dashboard 200 in 103ms
 GET /dashboard 200 in 220ms
 GET /dashboard 200 in 155ms
 GET /dashboard 200 in 125ms
 GET /dashboard 200 in 104ms
 GET /dashboard 200 in 99ms
 GET /dashboard 200 in 112ms
 GET /dashboard 200 in 139ms
 GET /dashboard 200 in 144ms
 GET /dashboard 200 in 179ms
 GET /dashboard 200 in 114ms
 GET /dashboard 200 in 106ms
 GET /dashboard 200 in 101ms
 GET /dashboard 200 in 101ms
 GET /dashboard 200 in 122ms
 GET /dashboard 200 in 60ms
 GET /dashboard 200 in 169ms
 GET /dashboard 200 in 124ms
 GET /dashboard 200 in 109ms
 GET /dashboard 200 in 105ms
 GET /dashboard 200 in 100ms
 GET /dashboard 200 in 107ms
 GET /dashboard 200 in 94ms
 GET /dashboard 200 in 92ms
 GET /dashboard 200 in 153ms
 GET /dashboard 200 in 101ms
 GET /dashboard 200 in 101ms
 GET /dashboard 200 in 107ms
 GET /dashboard 200 in 103ms
 GET /dashboard 200 in 119ms
 GET /dashboard 200 in 104ms
 GET /dashboard 200 in 116ms
 GET /dashboard 200 in 167ms
 GET /dashboard 200 in 97ms
 GET /dashboard 200 in 105ms
 GET /dashboard 200 in 97ms
 GET /dashboard 200 in 156ms
 GET /dashboard 200 in 108ms
 GET /dashboard 200 in 138ms
 GET /dashboard 200 in 107ms
 GET /dashboard 200 in 97ms
 GET /dashboard 200 in 99ms
 GET /dashboard 200 in 103ms
 GET /dashboard 200 in 99ms
 GET /dashboard 200 in 92ms
 GET /dashboard 200 in 1581ms
 ○ Compiling /find-care ...
 ✓ Compiled /find-care in 2.4s (2026 modules)
 GET /find-care 200 in 3129ms
 GET /find-care 200 in 130ms
 ○ Compiling /pharmacy ...
 ✓ Compiled /pharmacy in 1161ms (2033 modules)
 GET /pharmacy 200 in 1622ms
 GET /pharmacy 200 in 76ms
[?25h
